Testing OpenAI connection with new key...
node : OpenAI API 
Error:
At line:1 char:1
+ node test_openai_co
nnection.js > 
test_output.txt 2>&1
+ ~~~~~~~~~~~~~~~~~~~
~~~~~~~~~~~~~~~~~~~~~
~~~~~~~~~~~~~
    + CategoryInfo   
           : NotSpe  
  cified: (OpenAI    
 API Error::Strin    
g) [], RemoteExc    
eption
    + FullyQualified 
   ErrorId : Native  
  CommandError
 
429 You exceeded 
your current quota, 
please check your 
plan and billing 
details. For more 
information on this 
error, read the 
docs: https://platfor
m.openai.com/docs/gui
des/error-codes/api-e
rrors.
